On branch main
Your branch is ahead of 'origin/main' by 2 commits.
  (use "git push" to publish your local commits)

Changes to be committed:
  (use "git restore --staged <file>..." to unstage)
	renamed:    1995/NOIP1995PreliminarySenior(Pascal).doc -> 1995/NOIP-1995-初赛-提高组-Pascal-试题.doc
	renamed:    1995/SeniorPreliminaryAnswer.doc -> 1995/NOIP-1995-初赛-提高组-答案.doc
	renamed:    1995/PreliminarySeniorTestPaper.doc -> 1995/NOIP-1995-初赛-提高组-试题.doc
	renamed:    1995/NOIP1995PreliminaryJunior(Pascal).doc -> 1995/NOIP-1995-初赛-普及组-Pascal-试题.doc
	renamed:    1995/JuniorPreliminaryAnswer.doc -> 1995/NOIP-1995-初赛-普及组-答案.doc
	renamed:    1995/JuniorPreliminaryTestPaper.doc -> 1995/NOIP-1995-初赛-普及组-试题.doc
	renamed:    1996/NOIP1996PreliminarySenior(Pascal).doc -> 1996/NOIP-1996-初赛-提高组-Pascal-试题.doc
	renamed:    1996/PreliminarySeniorAnswer.doc -> 1996/NOIP-1996-初赛-提高组-答案.doc
	renamed:    1996/PreliminarySeniorTestPaper.doc -> 1996/NOIP-1996-初赛-提高组-试题.doc
	renamed:    1996/PreliminaryJunior(Basic)TestPaper.doc -> 1996/NOIP-1996-初赛-普及组-Basic-试题.doc
	renamed:    1996/PreliminaryJunior(Pascal)TestPaper.doc -> 1996/NOIP-1996-初赛-普及组-Pascal-试题-2.doc
	renamed:    1996/NOIP1996PreliminaryJunior(Pascal).doc -> 1996/NOIP-1996-初赛-普及组-Pascal-试题.doc
	renamed:    1996/PreliminaryJuniorAnswer.doc -> 1996/NOIP-1996-初赛-普及组-答案.doc
	renamed:    1997/NOIP1997PreliminarySenior(Pascal).doc -> 1997/NOIP-1997-初赛-提高组-Pascal-试题.doc
	renamed:    1997/PreliminarySeniorAnswer.doc -> 1997/NOIP-1997-初赛-提高组-答案.doc
	renamed:    1997/PreliminarySeniorTestPaper.doc -> 1997/NOIP-1997-初赛-提高组-试题.doc
	renamed:    1997/NOIP1997PreliminaryJunior(Pascal).doc -> 1997/NOIP-1997-初赛-普及组-Pascal-试题.doc
	renamed:    1997/PreliminaryJuniorAnswer.doc -> 1997/NOIP-1997-初赛-普及组-答案.doc
	renamed:    1997/PreliminaryJuniorTestPaper.doc -> 1997/NOIP-1997-初赛-普及组-试题.doc
	renamed:    1998/NOIP1998PreliminarySenior(Pascal).doc -> 1998/NOIP-1998-初赛-提高组-Pascal-试题.doc
	renamed:    1998/PreliminarySeniorAnswer.doc -> 1998/NOIP-1998-初赛-提高组-答案.doc
	renamed:    1998/PreliminarySeniorTestPaper.doc -> 1998/NOIP-1998-初赛-提高组-试题.doc
	renamed:    1998/NOIP1998PreliminaryJunior(Pascal).doc -> 1998/NOIP-1998-初赛-普及组-Pascal-试题.doc
	renamed:    1998/PreliminaryJuniorAnswer.doc -> 1998/NOIP-1998-初赛-普及组-答案.doc
	renamed:    1998/PreliminaryJuniorTestPaper.doc -> 1998/NOIP-1998-初赛-普及组-试题.doc
	renamed:    1999/NOIP1999PreliminarySenior(Pascal).doc -> 1999/NOIP-1999-初赛-提高组-Pascal-试题.doc
	renamed:    1999/PreliminarySeniorAnswer.doc -> 1999/NOIP-1999-初赛-提高组-答案.doc
	renamed:    1999/PreliminarySeniorTestPaper.doc -> 1999/NOIP-1999-初赛-提高组-试题.doc
	renamed:    1999/NOIP1999PreliminaryJunior(Pascal).doc -> 1999/NOIP-1999-初赛-普及组-Pascal-试题.doc
	renamed:    1999/PreliminaryJuniorAnswer.doc -> 1999/NOIP-1999-初赛-普及组-答案.doc
	renamed:    1999/PreliminaryJuniorTestPaper.doc -> 1999/NOIP-1999-初赛-普及组-试题.doc
	renamed:    2000/NOIP2000PreliminarySenior(Pascal).doc -> 2000/NOIP-2000-初赛-提高组-Pascal-试题.doc
	renamed:    2000/PreliminarySeniorAnswer.doc -> 2000/NOIP-2000-初赛-提高组-答案.doc
	renamed:    2000/PreliminarySeniorTestPaper.doc -> 2000/NOIP-2000-初赛-提高组-试题.doc
	renamed:    2000/NOIP2000PreliminaryJunior(Pascal).doc -> 2000/NOIP-2000-初赛-普及组-Pascal-试题.doc
	renamed:    2000/PreliminaryJuniorAnswer.doc -> 2000/NOIP-2000-初赛-普及组-答案.doc
	renamed:    2000/PreliminaryJuniorTestPaper.doc -> 2000/NOIP-2000-初赛-普及组-试题.doc
	renamed:    2001/NOIP2001SeniorPreliminaryTestPaper(Basic).pdf -> 2001/NOIP-2001-初赛-提高组-Basic-试题.pdf
	renamed:    2001/NOIP2001PreliminarySenior(Pascal).doc -> 2001/NOIP-2001-初赛-提高组-Pascal-试题.doc
	renamed:    2001/PreliminarySeniorAnswer.htm -> 2001/NOIP-2001-初赛-提高组-答案.htm
	renamed:    2001/PreliminarySeniorTestPaper.doc -> 2001/NOIP-2001-初赛-提高组-试题.doc
	renamed:    2001/NOIP2001JuniorPreliminaryTestPaper(Basic).pdf -> 2001/NOIP-2001-初赛-普及组-Basic-试题.pdf
	renamed:    2001/NOIP2001PreliminaryJunior(Pascal).doc -> 2001/NOIP-2001-初赛-普及组-Pascal-试题.doc
	renamed:    2002/NOIP2002SeniorPreliminaryTestPaper(Basic).pdf -> 2002/NOIP-2002-初赛-提高组-Basic-试题.pdf
	renamed:    2002/NOIP2002PreliminarySenior(Pascal).doc -> 2002/NOIP-2002-初赛-提高组-Pascal-试题.doc
	renamed:    2002/PreliminarySeniorAnswer.htm -> 2002/NOIP-2002-初赛-提高组-答案.htm
	renamed:    2002/PreliminarySeniorTestPaper.doc -> 2002/NOIP-2002-初赛-提高组-试题.doc
	renamed:    2002/NOIP2002JuniorPreliminaryTestPaper(Basic).pdf -> 2002/NOIP-2002-初赛-普及组-Basic-试题.pdf
	renamed:    2002/NOIP2002PreliminaryJunior(Pascal).doc -> 2002/NOIP-2002-初赛-普及组-Pascal-试题.doc
	renamed:    2002/PreliminaryJuniorAnswer.gif -> 2002/NOIP-2002-初赛-普及组-答案.gif
	renamed:    2002/PreliminaryJuniorTestPaper.doc -> 2002/NOIP-2002-初赛-普及组-试题.doc
	renamed:    2003/NOIP2003SeniorPreliminaryTestPaper(Basic).pdf -> 2003/NOIP-2003-初赛-提高组-Basic-试题.pdf
	renamed:    2003/NOIP2003PreliminarySenior(Pascal).doc -> 2003/NOIP-2003-初赛-提高组-Pascal-试题.doc
	renamed:    2003/PreliminarySeniorAnswer.doc -> 2003/NOIP-2003-初赛-提高组-答案.doc
	renamed:    2003/PreliminarySeniorTestPaper.doc -> 2003/NOIP-2003-初赛-提高组-试题.doc
	renamed:    2003/NOIP2003JuniorPreliminaryTestPaper(Basic).pdf -> 2003/NOIP-2003-初赛-普及组-Basic-试题.pdf
	renamed:    2003/NOIP2003PreliminaryJunior(Pascal).doc -> 2003/NOIP-2003-初赛-普及组-Pascal-试题.doc
	renamed:    2003/PreliminaryJuniorAnswer.doc -> 2003/NOIP-2003-初赛-普及组-答案.doc
	renamed:    2003/PreliminaryJuniorTestPaper.doc -> 2003/NOIP-2003-初赛-普及组-试题.doc
	renamed:    2004/NOIP2004PreliminarySenior(Basic)TestPaperAndAnswer.doc -> 2004/NOIP-2004-初赛-提高组-Basic-试题与答案.doc
	renamed:    2004/NOIP2004PreliminarySenior(C)TestPaperAndAnswer.doc -> 2004/NOIP-2004-初赛-提高组-C-试题与答案.doc
	renamed:    2004/NOIP2004PreliminarySenior(Pascal).doc -> 2004/NOIP-2004-初赛-提高组-Pascal-试题.doc
	renamed:    2004/NOIP2004PreliminarySenior(Pascal)TestPaperAndAnswer.doc -> 2004/NOIP-2004-初赛-提高组-Pascal-试题与答案.doc
	renamed:    2004/NOIP2004PreliminaryJunior(Basic)TestPaperAndAnswer.doc -> 2004/NOIP-2004-初赛-普及组-Basic-试题与答案.doc
	renamed:    2004/NOIP2004PreliminaryJunior(C)TestPaperAndAnswer.doc -> 2004/NOIP-2004-初赛-普及组-C-试题与答案.doc
	renamed:    2004/NOIP2004PreliminaryJunior(Pascal).doc -> 2004/NOIP-2004-初赛-普及组-Pascal-试题.doc
	renamed:    2004/NOIP2004PreliminaryJunior(Pascal)TestPaperAndAnswer.doc -> 2004/NOIP-2004-初赛-普及组-Pascal-试题与答案.doc
	renamed:    2005/NOIP2005PreliminarySenior(C)Answer.docx -> 2005/NOIP-2005-初赛-提高组-C-答案.docx
	renamed:    2005/NOIP2005PreliminarySenior(C)Answer.txt -> 2005/NOIP-2005-初赛-提高组-C-答案.txt
	renamed:    2005/NOIP2005PreliminarySenior(C).pdf -> 2005/NOIP-2005-初赛-提高组-C-试题.pdf
	renamed:    2005/NOIP2005PreliminarySenior(Pascal).pdf -> 2005/NOIP-2005-初赛-提高组-Pascal-试题.pdf
	renamed:    2005/NOIP2005PreliminaryJunior(C)Answer.txt -> 2005/NOIP-2005-初赛-普及组-C-答案.txt
	renamed:    2005/NOIP2005PreliminaryJunior(C).pdf -> 2005/NOIP-2005-初赛-普及组-C-试题.pdf
	renamed:    2005/NOIP2005PreliminaryJunior(Pascal).pdf -> 2005/NOIP-2005-初赛-普及组-Pascal-试题.pdf
	renamed:    2005/PreliminaryTestPaperAndAnswer.doc -> 2005/NOIP-2005-初赛-试题与答案.doc
	renamed:    2006/NOIP2006PreliminarySenior(C++)Answer.pdf -> 2006/NOIP-2006-初赛-提高组-C++-答案.pdf
	renamed:    2006/NOIP2006PreliminarySenior(C++)TestPaper.pdf -> 2006/NOIP-2006-初赛-提高组-C++-试题.pdf
	renamed:    2006/NOIP2006PreliminarySenior(C)Answer.pdf -> 2006/NOIP-2006-初赛-提高组-C-答案.pdf
	renamed:    2006/NOIP2006PreliminarySenior(C)TestPaper.pdf -> 2006/NOIP-2006-初赛-提高组-C-试题.pdf
	renamed:    2006/NOIP2006PreliminarySenior(Pascal)Answer.pdf -> 2006/NOIP-2006-初赛-提高组-Pascal-答案.pdf
	renamed:    2006/NOIP2006PreliminarySenior(Pascal).pdf -> 2006/NOIP-2006-初赛-提高组-Pascal-试题.pdf
	renamed:    2006/NOIP2006PreliminaryJunior(C++)Answer.pdf -> 2006/NOIP-2006-初赛-普及组-C++-答案.pdf
	renamed:    2006/NOIP2006PreliminaryJunior(C++)TestPaper.pdf -> 2006/NOIP-2006-初赛-普及组-C++-试题.pdf
	renamed:    2006/NOIP2006PreliminaryJunior(C)Answer.pdf -> 2006/NOIP-2006-初赛-普及组-C-答案.pdf
	renamed:    2006/NOIP2006PreliminaryJunior(C)TestPaper.pdf -> 2006/NOIP-2006-初赛-普及组-C-试题.pdf
	renamed:    2006/NOIP2006PreliminaryJunior(Pascal)Answer.pdf -> 2006/NOIP-2006-初赛-普及组-Pascal-答案.pdf
	renamed:    2006/NOIP2006PreliminaryJunior(Pascal).pdf -> 2006/NOIP-2006-初赛-普及组-Pascal-试题.pdf
	renamed:    2007/NOIP2007PreliminarySenior(C++)Answer.doc -> 2007/NOIP-2007-初赛-提高组-C++-答案.doc
	renamed:    2007/NOIP2007PreliminarySenior(C++)TestPaper.pdf -> 2007/NOIP-2007-初赛-提高组-C++-试题.pdf
	renamed:    2007/NOIP2007PreliminarySenior(C)Answer.doc -> 2007/NOIP-2007-初赛-提高组-C-答案.doc
	renamed:    2007/NOIP2007PreliminarySenior(C)TestPaper.pdf -> 2007/NOIP-2007-初赛-提高组-C-试题.pdf
	renamed:    2007/NOIP2007PreliminarySenior(Pascal)Answer.doc -> 2007/NOIP-2007-初赛-提高组-Pascal-答案.doc
	renamed:    2007/NOIP2007PreliminarySenior(Pascal)TestPaper.doc -> 2007/NOIP-2007-初赛-提高组-Pascal-试题-2.doc
	renamed:    2007/NOIP2007PreliminarySenior(Pascal)Solution.doc -> 2007/NOIP-2007-初赛-提高组-Pascal-试题.doc
	renamed:    2007/NOIP2007PreliminaryJunior(C++)Answer.doc -> 2007/NOIP-2007-初赛-普及组-C++-答案.doc
	renamed:    2007/NOIP2007PreliminaryJunior(C++)TestPaper.pdf -> 2007/NOIP-2007-初赛-普及组-C++-试题.pdf
	renamed:    2007/NOIP2007PreliminaryJunior(C)Answer.doc -> 2007/NOIP-2007-初赛-普及组-C-答案.doc
	renamed:    2007/NOIP2007PreliminaryJunior(C)TestPaper.pdf -> 2007/NOIP-2007-初赛-普及组-C-试题.pdf
	renamed:    2007/NOIP2007PreliminaryJunior(Pascal)Answer.doc -> 2007/NOIP-2007-初赛-普及组-Pascal-答案.doc
	renamed:    2008/NOIP2008PreliminarySenior(C++)Answer.doc -> 2008/NOIP-2008-初赛-提高组-C++-答案.doc
	renamed:    2008/NOIP2008PreliminarySenior(C++).doc -> 2008/NOIP-2008-初赛-提高组-C++-试题.doc
	renamed:    2008/NOIP2008PreliminarySenior(C)Answer.doc -> 2008/NOIP-2008-初赛-提高组-C-答案.doc
	renamed:    2008/NOIP2008PreliminarySenior(C).doc -> 2008/NOIP-2008-初赛-提高组-C-试题.doc
	renamed:    2008/NOIP2008PreliminarySenior(Pascal)Answer.doc -> 2008/NOIP-2008-初赛-提高组-Pascal-答案.doc
	renamed:    2008/NOIP2008PreliminarySenior(Pascal).doc -> 2008/NOIP-2008-初赛-提高组-Pascal-试题.doc
	renamed:    2008/NOIP2008PreliminaryJunior(C++)Answer.doc -> 2008/NOIP-2008-初赛-普及组-C++-答案.doc
	renamed:    2008/NOIP2008PreliminaryJunior(C++).doc -> 2008/NOIP-2008-初赛-普及组-C++-试题.doc
	renamed:    2008/NOIP2008PreliminaryJunior(C)Answer.doc -> 2008/NOIP-2008-初赛-普及组-C-答案.doc
	renamed:    2008/NOIP2008PreliminaryJunior(C).doc -> 2008/NOIP-2008-初赛-普及组-C-试题.doc
	renamed:    2008/NOIP2008PreliminaryJunior(Pascal)Answer.doc -> 2008/NOIP-2008-初赛-普及组-Pascal-答案.doc
	renamed:    2008/NOIP2008PreliminaryJunior(Pascal).doc -> 2008/NOIP-2008-初赛-普及组-Pascal-试题.doc
	renamed:    2009/NOIP2009PreliminarySenior(C++)Answer.doc -> 2009/NOIP-2009-初赛-提高组-C++-答案.doc
	renamed:    2009/NOIP2009PreliminarySenior(C++).doc -> 2009/NOIP-2009-初赛-提高组-C++-试题.doc
	renamed:    2009/NOIP2009PreliminarySenior(C)Answer.doc -> 2009/NOIP-2009-初赛-提高组-C-答案.doc
	renamed:    2009/NOIP2009PreliminarySenior(C).doc -> 2009/NOIP-2009-初赛-提高组-C-试题.doc
	renamed:    2009/NOIP2009PreliminarySenior(Pascal)Answer.doc -> 2009/NOIP-2009-初赛-提高组-Pascal-答案.doc
	renamed:    2009/NOIP2009PreliminarySenior(Pascal).doc -> 2009/NOIP-2009-初赛-提高组-Pascal-试题.doc
	renamed:    2009/NOIP2009PreliminaryJunior(C++)Answer.doc -> 2009/NOIP-2009-初赛-普及组-C++-答案.doc
	renamed:    2009/NOIP2009PreliminaryJunior(C++).doc -> 2009/NOIP-2009-初赛-普及组-C++-试题.doc
	renamed:    2009/NOIP2009PreliminaryJunior(C)Answer.doc -> 2009/NOIP-2009-初赛-普及组-C-答案.doc
	renamed:    2009/NOIP2009PreliminaryJunior(C).doc -> 2009/NOIP-2009-初赛-普及组-C-试题.doc
	renamed:    2009/NOIP2009PreliminaryJunior(Pascal)Answer.doc -> 2009/NOIP-2009-初赛-普及组-Pascal-答案.doc
	renamed:    2009/NOIP2009PreliminaryJunior(Pascal).doc -> 2009/NOIP-2009-初赛-普及组-Pascal-试题.doc
	renamed:    2009/NOIP2009PreliminaryJunior(Pascal)Suggestion.txt -> 2009/NOIP-2009-初赛-普及组-Pascal-说明.txt
	renamed:    2010/NOIP2010Senior(C++)Answer.doc -> 2010/NOIP-2010-初赛-提高组-C++-答案.doc
	renamed:    2010/NOIP2010第十六届提高组初赛题目C++.doc -> 2010/NOIP-2010-初赛-提高组-C++-试题.doc
	renamed:    2010/NOIP2010Senior(C)Answer.doc -> 2010/NOIP-2010-初赛-提高组-C-答案.doc
	renamed:    2010/NOIP2010Senior(Pascal)Answer.doc -> 2010/NOIP-2010-初赛-提高组-Pascal-答案.doc
	renamed:    2010/NOIP2010Junior(C++)Answer.doc -> 2010/NOIP-2010-初赛-普及组-C++-答案.doc
	renamed:    2010/NOIP2010第十六届普及组初赛题目C++.doc -> 2010/NOIP-2010-初赛-普及组-C++-试题.doc
	renamed:    2010/NOIP2010Junior(C)Answer.doc -> 2010/NOIP-2010-初赛-普及组-C-答案.doc
	renamed:    2010/NOIP2010Junior(Pascal)Answer.doc -> 2010/NOIP-2010-初赛-普及组-Pascal-答案.doc
	renamed:    2010/Junior(Pascal).pdf -> 2010/NOIP-2010-初赛-普及组-Pascal-试题.pdf
	renamed:    2011/noip2011hs_cpp.pdf -> 2011/NOIP-2011-初赛-提高组-C++-试题.pdf
	renamed:    2011/noip2011hs_sol_cpp.pdf -> 2011/NOIP-2011-初赛-提高组-C++-题解.pdf
	renamed:    2011/NOIP2011Preliminary(C)SeniorAnswer.docx -> 2011/NOIP-2011-初赛-提高组-C-答案.docx
	renamed:    2011/NOIP2011Preliminary(C)SeniorTestPaper.pdf -> 2011/NOIP-2011-初赛-提高组-C-试题-2.pdf
	renamed:    2011/noip2011hs_c.pdf -> 2011/NOIP-2011-初赛-提高组-C-试题-3.pdf
	renamed:    2011/2011NOIPPreliminary(C)SeniorTestPaper.pdf -> 2011/NOIP-2011-初赛-提高组-C-试题.pdf
	renamed:    2011/noip2011hs_sol_c.pdf -> 2011/NOIP-2011-初赛-提高组-C-题解.pdf
	renamed:    2011/noip2011hj_cpp.pdf -> 2011/NOIP-2011-初赛-普及组-C++-试题.pdf
	renamed:    2011/noip2011hj_sol_cpp.pdf -> 2011/NOIP-2011-初赛-普及组-C++-题解.pdf
	renamed:    2011/NOIP2011Preliminary(C)JuniorAnswer.docx -> 2011/NOIP-2011-初赛-普及组-C-答案.docx
	renamed:    2011/NOIP2011Preliminary(C)JuniorTestPaper.pdf -> 2011/NOIP-2011-初赛-普及组-C-试题-2.pdf
	renamed:    2011/noip2011hj_c.pdf -> 2011/NOIP-2011-初赛-普及组-C-试题-3.pdf
	renamed:    2011/2011NOIPPreliminary(C)JuniorTestPaper.pdf -> 2011/NOIP-2011-初赛-普及组-C-试题.pdf
	renamed:    2011/noip2011hj_sol_c.pdf -> 2011/NOIP-2011-初赛-普及组-C-题解.pdf
	renamed:    2012/noip2012hs_cpp.pdf -> 2012/NOIP-2012-初赛-提高组-C++-试题.pdf
	renamed:    2012/noip2012hs_sol.pdf -> 2012/NOIP-2012-初赛-提高组-题解.pdf
	renamed:    2012/noip2012hj_cpp.pdf -> 2012/NOIP-2012-初赛-普及组-C++-试题.pdf
	renamed:    2012/noip2012hj_sol.pdf -> 2012/NOIP-2012-初赛-普及组-题解.pdf
	renamed:    2013/noip2013hs_cpp.pdf -> 2013/NOIP-2013-初赛-提高组-C++-试题.pdf
	renamed:    2013/noip2013hs_sol.pdf -> 2013/NOIP-2013-初赛-提高组-题解.pdf
	renamed:    2013/noip2013hj_cpp.pdf -> 2013/NOIP-2013-初赛-普及组-C++-试题.pdf
	renamed:    2013/noip2013hj_sol.pdf -> 2013/NOIP-2013-初赛-普及组-题解.pdf
	renamed:    2014/noip2014hs_cpp.pdf -> 2014/NOIP-2014-初赛-提高组-C++-试题.pdf
	renamed:    2014/noip2014hs_sol.pdf -> 2014/NOIP-2014-初赛-提高组-题解.pdf
	renamed:    2014/noip2014hj_cpp.pdf -> 2014/NOIP-2014-初赛-普及组-C++-试题.pdf
	renamed:    2014/noip2014hj_sol.pdf -> 2014/NOIP-2014-初赛-普及组-题解.pdf
	renamed:    2015/noip2015hs_cpp.pdf -> 2015/NOIP-2015-初赛-提高组-C++-试题.pdf
	renamed:    2015/noip2015hs_sol.pdf -> 2015/NOIP-2015-初赛-提高组-题解.pdf
	renamed:    2015/noip2015hj_cpp.pdf -> 2015/NOIP-2015-初赛-普及组-C++-试题.pdf
	renamed:    2015/noip2015hj_sol.pdf -> 2015/NOIP-2015-初赛-普及组-题解.pdf
	renamed:    2016/noip2016hs_cpp.pdf -> 2016/NOIP-2016-初赛-提高组-C++-试题.pdf
	renamed:    2016/noip2016hs_sol.pdf -> 2016/NOIP-2016-初赛-提高组-题解.pdf
	renamed:    2016/noip2016hj_cpp.pdf -> 2016/NOIP-2016-初赛-普及组-C++-试题.pdf
	renamed:    2016/noip2016hj_sol.pdf -> 2016/NOIP-2016-初赛-普及组-题解.pdf
	renamed:    2017/noip2017hs_cpp.pdf -> 2017/NOIP-2017-初赛-提高组-C++-试题.pdf
	renamed:    2017/noip2017hs_sol.pdf -> 2017/NOIP-2017-初赛-提高组-题解.pdf
	renamed:    2017/noip2017hj_cpp.pdf -> 2017/NOIP-2017-初赛-普及组-C++-试题.pdf
	renamed:    2017/noip2017hj_sol.pdf -> 2017/NOIP-2017-初赛-普及组-题解.pdf
	renamed:    2018/NOIP2018PreliminarySenior(C++)TestPaper.pdf -> 2018/NOIP-2018-初赛-提高组-C++-试题.pdf
	renamed:    2018/NOIP2018PreliminarySeniorAnswer.pdf -> 2018/NOIP-2018-初赛-提高组-答案.pdf
	renamed:    2018/NOIP2018PreliminaryJunior(C++)TestPaper.pdf -> 2018/NOIP-2018-初赛-普及组-C++-试题.pdf
	renamed:    2018/NOIP2018PreliminaryJuniorAnswer.pdf -> 2018/NOIP-2018-初赛-普及组-答案.pdf

Untracked files:
  (use "git add <file>..." to include in what will be committed)
	rename.log

