On branch main
Your branch is ahead of 'origin/main' by 3 commits.
  (use "git push" to publish your local commits)

Changes to be committed:
  (use "git restore --staged <file>..." to unstage)
	renamed:    NOIP2020/CSP 2020-J_S 第一轮、第二轮；NOIP 2020 在线模拟赛；NOIP 2020 正式赛.docx -> CSP_2020-J_S_第一轮、第二轮；NOIP_2020_在线模拟赛；NOIP_2020_正式赛.docx
	renamed:    NOIP2020/CSP 2020-J_S 第一轮、第二轮；NOIP 2020 在线模拟赛；NOIP 2020 正式赛.pdf -> CSP_2020-J_S_第一轮、第二轮；NOIP_2020_在线模拟赛；NOIP_2020_正式赛.pdf
	renamed:    NOIP1995/SeniorFinalData.doc -> NOIP1995/NOIP-1995-复赛-提高组-测试数据.doc
	renamed:    NOIP1995/SeniorFinalTestPaper.doc -> NOIP1995/NOIP-1995-复赛-提高组-试题.doc
	renamed:    NOIP1995/JuniorFinalData.doc -> NOIP1995/NOIP-1995-复赛-普及组-测试数据.doc
	renamed:    NOIP1995/JuniorFinalTestPaper.doc -> NOIP1995/NOIP-1995-复赛-普及组-试题.doc
	renamed:    NOIP1996/SeniorData2.doc -> NOIP1996/NOIP-1996-复赛-提高组-测试数据-2.doc
	renamed:    NOIP1996/SeniorData.doc -> NOIP1996/NOIP-1996-复赛-提高组-测试数据.doc
	renamed:    NOIP1996/SeniorTestPaper.doc -> NOIP1996/NOIP-1996-复赛-提高组-试题.doc
	renamed:    NOIP1996/SeniorTestPaperAndSolution.doc -> NOIP1996/NOIP-1996-复赛-提高组-试题与题解.doc
	renamed:    NOIP1996/JuniorData.doc -> NOIP1996/NOIP-1996-复赛-普及组-测试数据.doc
	renamed:    NOIP1996/JuniorTestPaper.doc -> NOIP1996/NOIP-1996-复赛-普及组-试题.doc
	renamed:    NOIP1996/JuniorTestPaperAndSolution.doc -> NOIP1996/NOIP-1996-复赛-普及组-试题与题解.doc
	renamed:    NOIP1997/SeniorData2.doc -> NOIP1997/NOIP-1997-复赛-提高组-测试数据-2.doc
	renamed:    NOIP1997/SeniorData.doc -> NOIP1997/NOIP-1997-复赛-提高组-测试数据.doc
	renamed:    NOIP1997/SeniorTestPaper.doc -> NOIP1997/NOIP-1997-复赛-提高组-试题.doc
	renamed:    NOIP1997/SeniorTestPaperAndSolution.doc -> NOIP1997/NOIP-1997-复赛-提高组-试题与题解.doc
	renamed:    NOIP1997/JuniorData.doc -> NOIP1997/NOIP-1997-复赛-普及组-测试数据.doc
	renamed:    NOIP1997/JuniorTestPaper.doc -> NOIP1997/NOIP-1997-复赛-普及组-试题.doc
	renamed:    NOIP1997/JuniorTestPaperAndSolution.doc -> NOIP1997/NOIP-1997-复赛-普及组-试题与题解.doc
	renamed:    NOIP1997/JuniorSolution.doc -> NOIP1997/NOIP-1997-复赛-普及组-题解.doc
	renamed:    NOIP1998/SeniorData.doc -> NOIP1998/NOIP-1998-复赛-提高组-测试数据.doc
	renamed:    NOIP1998/SeniorTestPaper.doc -> NOIP1998/NOIP-1998-复赛-提高组-试题.doc
	renamed:    NOIP1998/SeniorTestPaperAndSolution.doc -> NOIP1998/NOIP-1998-复赛-提高组-试题与题解.doc
	renamed:    NOIP1998/SeniorSolution.html -> NOIP1998/NOIP-1998-复赛-提高组-题解.html
	renamed:    NOIP1998/JuniorData.doc -> NOIP1998/NOIP-1998-复赛-普及组-测试数据.doc
	renamed:    NOIP1998/JuniorTestPaper.doc -> NOIP1998/NOIP-1998-复赛-普及组-试题.doc
	renamed:    NOIP1998/JuniorTestPaperAndSolution.doc -> NOIP1998/NOIP-1998-复赛-普及组-试题与题解.doc
	renamed:    NOIP1998/JuniorSolution.html -> NOIP1998/NOIP-1998-复赛-普及组-题解.html
	renamed:    NOIP1999/SeniorData.doc -> NOIP1999/NOIP-1999-复赛-提高组-测试数据.doc
	renamed:    NOIP1999/SeniorData.txt -> NOIP1999/NOIP-1999-复赛-提高组-测试数据.txt
	renamed:    NOIP1999/SeniorTestPaper.doc -> NOIP1999/NOIP-1999-复赛-提高组-试题.doc
	renamed:    NOIP1999/SeniorTestPaperAndSolution.doc -> NOIP1999/NOIP-1999-复赛-提高组-试题与题解.doc
	renamed:    NOIP1999/JuniorData.doc -> NOIP1999/NOIP-1999-复赛-普及组-测试数据.doc
	renamed:    NOIP1999/JuniorTestPaper.doc -> NOIP1999/NOIP-1999-复赛-普及组-试题.doc
	renamed:    NOIP1999/JuniorTestPaper.pdf -> NOIP1999/NOIP-1999-复赛-普及组-试题.pdf
	renamed:    NOIP1999/JuniorTestPaperAndSolution.doc -> NOIP1999/NOIP-1999-复赛-普及组-试题与题解.doc
	renamed:    NOIP1999/JuniorSolution.doc -> NOIP1999/NOIP-1999-复赛-普及组-题解.doc
	renamed:    NOIP1999/SeniorSolution/Solution.html -> NOIP1999/SeniorSolution/NOIP-1999-复赛-提高组-题解.html
	renamed:    NOIP2000/SeniorData.doc -> NOIP2000/NOIP-2000-复赛-提高组-测试数据.doc
	renamed:    NOIP2000/SeniorTestPaper.doc -> NOIP2000/NOIP-2000-复赛-提高组-试题.doc
	renamed:    NOIP2000/SeniorTestPaperAndSolution.doc -> NOIP2000/NOIP-2000-复赛-提高组-试题与题解.doc
	renamed:    NOIP2000/SeniorSolution.html -> NOIP2000/NOIP-2000-复赛-提高组-题解.html
	renamed:    NOIP2000/JuniorData.doc -> NOIP2000/NOIP-2000-复赛-普及组-测试数据.doc
	renamed:    NOIP2000/JuniorTestPaper.doc -> NOIP2000/NOIP-2000-复赛-普及组-试题.doc
	renamed:    NOIP2000/JuniorTestPaperAndSolution.doc -> NOIP2000/NOIP-2000-复赛-普及组-试题与题解.doc
	renamed:    NOIP2000/JuniorSolution.html -> NOIP2000/NOIP-2000-复赛-普及组-题解.html
	renamed:    NOIP2001/SeniorTestPaper.htm -> NOIP2001/NOIP-2001-复赛-提高组-试题.htm
	renamed:    NOIP2001/NOIP2001SeniorFinalTestPaper.pdf -> NOIP2001/NOIP-2001-复赛-提高组-试题.pdf
	renamed:    NOIP2001/SeniorTestPaperAndSolution.doc -> NOIP2001/NOIP-2001-复赛-提高组-试题与题解.doc
	renamed:    NOIP2001/SeniorSolution1.doc -> NOIP2001/NOIP-2001-复赛-提高组-题解-2.doc
	renamed:    NOIP2001/SeniorSolution2.doc -> NOIP2001/NOIP-2001-复赛-提高组-题解-3.doc
	renamed:    NOIP2001/SeniorSolution.doc -> NOIP2001/NOIP-2001-复赛-提高组-题解.doc
	renamed:    NOIP2001/JuniorTestPaper.htm -> NOIP2001/NOIP-2001-复赛-普及组-试题.htm
	renamed:    NOIP2001/NOIP2001JuniorFinalTestPaper.pdf -> NOIP2001/NOIP-2001-复赛-普及组-试题.pdf
	renamed:    NOIP2001/JuniorTestPaperAndSolution.doc -> NOIP2001/NOIP-2001-复赛-普及组-试题与题解.doc
	renamed:    NOIP2002/data-s.7z -> NOIP2002/NOIP-2002-复赛-提高组-测试数据.7z
	renamed:    NOIP2002/SeniorTestPaper.pdf -> NOIP2002/NOIP-2002-复赛-提高组-试题-2.pdf
	renamed:    NOIP2002/NOIP2002SeniorFinalTestPaper.pdf -> NOIP2002/NOIP-2002-复赛-提高组-试题.pdf
	renamed:    NOIP2002/SeniorTestPaperAndSolution.doc -> NOIP2002/NOIP-2002-复赛-提高组-试题与题解.doc
	renamed:    NOIP2002/SeniorSolution2.doc -> NOIP2002/NOIP-2002-复赛-提高组-题解-2.doc
	renamed:    NOIP2002/SeniorSolution.doc -> NOIP2002/NOIP-2002-复赛-提高组-题解.doc
	renamed:    NOIP2002/data-j.7z -> NOIP2002/NOIP-2002-复赛-普及组-测试数据.7z
	renamed:    NOIP2002/NOIP2002JuniorFinalTestForm.pdf -> NOIP2002/NOIP-2002-复赛-普及组-答题纸.pdf
	renamed:    NOIP2002/NOIP2002JuniorFinalTestPaper.pdf -> NOIP2002/NOIP-2002-复赛-普及组-试题-2.pdf
	renamed:    NOIP2002/JuniorTestPaper.pdf -> NOIP2002/NOIP-2002-复赛-普及组-试题.pdf
	renamed:    NOIP2002/JuniorTestPaperAndSolution.doc -> NOIP2002/NOIP-2002-复赛-普及组-试题与题解.doc
	renamed:    NOIP2002/JuniorSolution2.doc -> NOIP2002/NOIP-2002-复赛-普及组-题解-2.doc
	renamed:    NOIP2002/JuniorSolution.doc -> NOIP2002/NOIP-2002-复赛-普及组-题解.doc
	renamed:    NOIP2002/JuniorSolution.txt -> NOIP2002/NOIP-2002-复赛-普及组-题解.txt
	renamed:    NOIP2002/SeniorSolutionAndRefCode/NOIP2002T_report_wuxianjun.doc -> NOIP2002/SeniorSolutionAndRefCode/NOIP-2002-复赛-提高组-题解-wuxianjun.doc
	renamed:    NOIP2003/提高组测试数据.7z -> NOIP2003/NOIP-2003-复赛-提高组-测试数据.7z
	renamed:    NOIP2003/SeniorTestPaper.doc -> NOIP2003/NOIP-2003-复赛-提高组-试题.doc
	renamed:    NOIP2003/NOIP2003SeniorFinalTestPaper.pdf -> NOIP2003/NOIP-2003-复赛-提高组-试题.pdf
	renamed:    NOIP2003/SeniorSolution.doc -> NOIP2003/NOIP-2003-复赛-提高组-题解.doc
	renamed:    NOIP2003/JuniorRefCode.txt -> NOIP2003/NOIP-2003-复赛-普及组-参考程序.txt
	renamed:    NOIP2003/普及组测试数据.7z -> NOIP2003/NOIP-2003-复赛-普及组-测试数据.7z
	renamed:    NOIP2003/JuniorTestPaper.doc -> NOIP2003/NOIP-2003-复赛-普及组-试题.doc
	renamed:    NOIP2003/JuniorStackSolution.doc -> NOIP2003/NOIP-2003-复赛-普及组-题解.doc
	renamed:    NOIP2004/SeniorData.7z -> NOIP2004/NOIP-2004-复赛-提高组-测试数据.7z
	renamed:    NOIP2004/SeniorTestPaper2.doc -> NOIP2004/NOIP-2004-复赛-提高组-试题-2.doc
	renamed:    NOIP2004/SeniorTestPaper.doc -> NOIP2004/NOIP-2004-复赛-提高组-试题.doc
	renamed:    NOIP2004/JuniorData.7z -> NOIP2004/NOIP-2004-复赛-普及组-测试数据.7z
	renamed:    NOIP2004/JuniorTestPaper2.doc -> NOIP2004/NOIP-2004-复赛-普及组-试题-2.doc
	renamed:    NOIP2004/JuniorTestPaper.doc -> NOIP2004/NOIP-2004-复赛-普及组-试题.doc
	renamed:    NOIP2004/JuniorSolution1.doc -> NOIP2004/NOIP-2004-复赛-普及组-题解-2.doc
	renamed:    NOIP2004/JuniorSolution2.doc -> NOIP2004/NOIP-2004-复赛-普及组-题解-3.doc
	renamed:    NOIP2004/JuniorSolution.doc -> NOIP2004/NOIP-2004-复赛-普及组-题解.doc
	renamed:    NOIP2004/NOIP2004OfficialData.zip -> NOIP2004/NOIP-2004-复赛-测试数据.zip
	renamed:    NOIP2004/SeniorSolution/alpha.doc -> NOIP2004/SeniorSolution/NOIP-2004-复赛-提高组-题解-alpha.doc
	renamed:    NOIP2004/SeniorSolution/chorus.doc -> NOIP2004/SeniorSolution/NOIP-2004-复赛-提高组-题解-chorus.doc
	renamed:    NOIP2004/SeniorSolution/fruit.doc -> NOIP2004/SeniorSolution/NOIP-2004-复赛-提高组-题解-fruit.doc
	renamed:    NOIP2004/SeniorSolution/save.doc -> NOIP2004/SeniorSolution/NOIP-2004-复赛-提高组-题解-save.doc
	renamed:    NOIP2005/SeniorData.7z -> NOIP2005/NOIP-2005-复赛-提高组-测试数据.7z
	renamed:    NOIP2005/SeniorTestPaper.doc -> NOIP2005/NOIP-2005-复赛-提高组-试题.doc
	renamed:    NOIP2005/SeniorSolution1.doc -> NOIP2005/NOIP-2005-复赛-提高组-题解-2.doc
	renamed:    NOIP2005/SeniorSolution2.doc -> NOIP2005/NOIP-2005-复赛-提高组-题解-3.doc
	renamed:    NOIP2005/SeniorSolution.doc -> NOIP2005/NOIP-2005-复赛-提高组-题解.doc
	renamed:    NOIP2005/JuniorData.7z -> NOIP2005/NOIP-2005-复赛-普及组-测试数据.7z
	renamed:    NOIP2005/JuniorTestPaper.docx -> NOIP2005/NOIP-2005-复赛-普及组-试题.docx
	renamed:    NOIP2005/JuniorTestPaper.pdf -> NOIP2005/NOIP-2005-复赛-普及组-试题.pdf
	renamed:    NOIP2005/SeniorSolution/1D - Equal.doc -> NOIP2005/SeniorSolution/NOIP-2005-复赛-提高组-题解-Equal.doc
	renamed:    NOIP2005/SeniorSolution/1C - Fire.doc -> NOIP2005/SeniorSolution/NOIP-2005-复赛-提高组-题解-Fire.doc
	renamed:    NOIP2005/SeniorSolution/1B - River.doc -> NOIP2005/SeniorSolution/NOIP-2005-复赛-提高组-题解-River.doc
	renamed:    NOIP2005/SeniorSolution/1A - Scholar.doc -> NOIP2005/SeniorSolution/NOIP-2005-复赛-提高组-题解-Scholar.doc
	renamed:    NOIP2006/JuniorSolutionAndRefCode/NOIP2006JuniorSolution.pdf -> NOIP2006/JuniorSolutionAndRefCode/NOIP-2006-复赛-普及组-题解.pdf
	renamed:    NOIP2006/SeniorRefCode.txt -> NOIP2006/NOIP-2006-复赛-提高组-参考程序.txt
	renamed:    NOIP2006/SeniorData.zip -> NOIP2006/NOIP-2006-复赛-提高组-测试数据.zip
	renamed:    NOIP2006/SeniorTestPaper2.doc -> NOIP2006/NOIP-2006-复赛-提高组-试题-2.doc
	renamed:    NOIP2006/SeniorTestPaper.doc -> NOIP2006/NOIP-2006-复赛-提高组-试题.doc
	renamed:    NOIP2006/JuniorData.zip -> NOIP2006/NOIP-2006-复赛-普及组-测试数据.zip
	renamed:    NOIP2006/JuniorTestPaper.doc -> NOIP2006/NOIP-2006-复赛-普及组-试题.doc
	renamed:    NOIP2006/JuniorSolution.pdf -> NOIP2006/NOIP-2006-复赛-普及组-题解.pdf
	renamed:    NOIP2007/SeniorData.zip -> NOIP2007/NOIP-2007-复赛-提高组-测试数据.zip
	renamed:    NOIP2007/SeniorTestPaper.doc -> NOIP2007/NOIP-2007-复赛-提高组-试题.doc
	renamed:    NOIP2007/SeniorTestPaper.pdf -> NOIP2007/NOIP-2007-复赛-提高组-试题.pdf
	renamed:    NOIP2007/SeniorSolution2.doc -> NOIP2007/NOIP-2007-复赛-提高组-题解-2.doc
	renamed:    NOIP2007/SeniorSolution2.mht -> NOIP2007/NOIP-2007-复赛-提高组-题解-2.mht
	renamed:    NOIP2007/SeniorSolution.doc -> NOIP2007/NOIP-2007-复赛-提高组-题解.doc
	renamed:    NOIP2007/SeniorSolution.mht -> NOIP2007/NOIP-2007-复赛-提高组-题解.mht
	renamed:    NOIP2007/JuniorData.zip -> NOIP2007/NOIP-2007-复赛-普及组-测试数据.zip
	renamed:    NOIP2007/NOIP2007FinalJuniorTestPaper.doc -> NOIP2007/NOIP-2007-复赛-普及组-试题.doc
	renamed:    NOIP2008/SeniorData.zip -> NOIP2008/NOIP-2008-复赛-提高组-测试数据.zip
	renamed:    NOIP2008/NOIP2008SeniorTestPaper.doc -> NOIP2008/NOIP-2008-复赛-提高组-试题.doc
	renamed:    NOIP2008/NOIP2008SeniorSolution.doc -> NOIP2008/NOIP-2008-复赛-提高组-题解.doc
	renamed:    NOIP2008/NOIP2008SeniorSolution2.docx -> NOIP2008/NOIP-2008-复赛-提高组-题解.docx
	renamed:    NOIP2008/JuniorData.zip -> NOIP2008/NOIP-2008-复赛-普及组-测试数据.zip
	renamed:    NOIP2008/NOIP2008JuniorTestPaper.doc -> NOIP2008/NOIP-2008-复赛-普及组-试题.doc
	renamed:    NOIP2008/NOIP2008JuniorSolution.doc -> NOIP2008/NOIP-2008-复赛-普及组-题解.doc
	renamed:    NOIP2009/PascalFullMarksCode.txt -> NOIP2009/NOIP-2009-复赛-Pascal-参考程序-Pascal满分.txt
	renamed:    NOIP2009/data_senior.zip -> NOIP2009/NOIP-2009-复赛-提高组-测试数据.zip
	renamed:    NOIP2009/Problems_2009NOIP_Senior.pdf -> NOIP2009/NOIP-2009-复赛-提高组-试题.pdf
	renamed:    NOIP2009/data_junior.zip -> NOIP2009/NOIP-2009-复赛-普及组-测试数据.zip
	renamed:    NOIP2009/Problems_2009NOIP_Junior.pdf -> NOIP2009/NOIP-2009-复赛-普及组-试题.pdf
	renamed:    NOIP2009/NOIP2009JuniorSolution.docx -> NOIP2009/NOIP-2009-复赛-普及组-题解.docx
	renamed:    NOIP2010/noip2010senior.zip -> NOIP2010/NOIP-2010-复赛-提高组-测试数据.zip
	renamed:    NOIP2010/NOIP2010senior.pdf -> NOIP2010/NOIP-2010-复赛-提高组-试题.pdf
	renamed:    NOIP2010/noip2010junior.zip -> NOIP2010/NOIP-2010-复赛-普及组-测试数据.zip
	renamed:    NOIP2010/NOIP2010junior.pdf -> NOIP2010/NOIP-2010-复赛-普及组-试题.pdf
	renamed:    NOIP2010/NOIP2010Solution.txt -> NOIP2010/NOIP-2010-复赛-题解.txt
	renamed:    NOIP2011/NOIP2011senior_day1.pdf -> NOIP2011/NOIP-2011-复赛-提高组-Day1-试题.pdf
	renamed:    NOIP2011/SolutionNOIP2011SeniorFinalDay1Solution_MyBlog.pdf -> NOIP2011/NOIP-2011-复赛-提高组-Day1-题解.pdf
	renamed:    NOIP2011/NOIP2011senior_day2.pdf -> NOIP2011/NOIP-2011-复赛-提高组-Day2-试题.pdf
	renamed:    NOIP2011/SolutionNOIP2011SeniorFinalDay2Solution_MyBlog.pdf -> NOIP2011/NOIP-2011-复赛-提高组-Day2-题解.pdf
	renamed:    NOIP2011/s-data.zip -> NOIP2011/NOIP-2011-复赛-提高组-测试数据.zip
	renamed:    NOIP2011/j-data.zip -> NOIP2011/NOIP-2011-复赛-普及组-测试数据.zip
	renamed:    NOIP2011/NOIP2011junior.pdf -> NOIP2011/NOIP-2011-复赛-普及组-试题.pdf
	renamed:    NOIP2011/NOIP2011JuniorSolution.pdf -> NOIP2011/NOIP-2011-复赛-普及组-题解.pdf
	renamed:    NOIP2011/NOIP2011JuniorSolution.txt -> NOIP2011/NOIP-2011-复赛-普及组-题解.txt
	renamed:    NOIP2011/Noip2011Solution.doc -> NOIP2011/NOIP-2011-复赛-题解.doc
	renamed:    NOIP2012/NOIP2012SeniorPreliminaryAnswer.pdf -> NOIP2012/NOIP-2012-初赛-提高组-答案.pdf
	renamed:    NOIP2012/2012noipSeniorPreliminaryTestPaper.pdf -> NOIP2012/NOIP-2012-初赛-提高组-试题.pdf
	renamed:    NOIP2012/NOIP2012JuniorPreliminaryTestPaper(C++).doc -> NOIP2012/NOIP-2012-初赛-普及组-C++-试题.doc
	renamed:    NOIP2012/NOIP2012JuniorPreliminaryAnswer.pdf -> NOIP2012/NOIP-2012-初赛-普及组-答案.pdf
	renamed:    NOIP2012/FuzhouNo.3SchoolStudents'Code.zip -> NOIP2012/NOIP-2012-复赛-学生程序-福州三中.zip
	renamed:    NOIP2012/NOIP2012senior_day1.pdf -> NOIP2012/NOIP-2012-复赛-提高组-Day1-试题.pdf
	renamed:    NOIP2012/NOIP2012senior_day2.pdf -> NOIP2012/NOIP-2012-复赛-提高组-Day2-试题.pdf
	renamed:    NOIP2012/senior-evaldata.zip -> NOIP2012/NOIP-2012-复赛-提高组-测试数据.zip
	renamed:    NOIP2012/JuniorStudents'Code.zip -> NOIP2012/NOIP-2012-复赛-普及组-学生程序.zip
	renamed:    NOIP2012/junior-evaldata.zip -> NOIP2012/NOIP-2012-复赛-普及组-测试数据.zip
	renamed:    NOIP2012/NOIP2012JuniorFinalTestPaper.pdf -> NOIP2012/NOIP-2012-复赛-普及组-试题.pdf
	renamed:    NOIP2013/Students'Code.zip -> NOIP2013/NOIP-2013-复赛-学生程序.zip
	renamed:    NOIP2013/NOIP2013Senior(C++)TestPaper.pdf -> NOIP2013/NOIP-2013-复赛-提高组-C++-试题.pdf
	renamed:    NOIP2013/NOIP2013Senior(C)TestPaper.pdf -> NOIP2013/NOIP-2013-复赛-提高组-C-试题.pdf
	renamed:    NOIP2013/NOIP2013senior_day1.pdf -> NOIP2013/NOIP-2013-复赛-提高组-Day1-试题.pdf
	renamed:    NOIP2013/NOIP2013senior_day2.pdf -> NOIP2013/NOIP-2013-复赛-提高组-Day2-试题.pdf
	renamed:    NOIP2013/NOIP2013Senior(Pascal)TestPaper.pdf -> NOIP2013/NOIP-2013-复赛-提高组-Pascal-试题.pdf
	renamed:    NOIP2013/data-senior.zip -> NOIP2013/NOIP-2013-复赛-提高组-测试数据.zip
	renamed:    NOIP2013/NOIP2013SeniorAnswer.pdf -> NOIP2013/NOIP-2013-复赛-提高组-答案.pdf
	renamed:    NOIP2013/NOIP2013Junior(C++)TestPaper.pdf -> NOIP2013/NOIP-2013-复赛-普及组-C++-试题.pdf
	renamed:    NOIP2013/NOIP2013Junior(C)TestPaper.pdf -> NOIP2013/NOIP-2013-复赛-普及组-C-试题.pdf
	renamed:    NOIP2013/NOIP2013Junior(Pascal)TestPaper.pdf -> NOIP2013/NOIP-2013-复赛-普及组-Pascal-试题.pdf
	renamed:    NOIP2013/data-junior.zip -> NOIP2013/NOIP-2013-复赛-普及组-测试数据.zip
	renamed:    NOIP2013/NOIP2013JuniorAnswer.pdf -> NOIP2013/NOIP-2013-复赛-普及组-答案.pdf
	renamed:    NOIP2013/NOIP2013_Junior.pdf -> NOIP2013/NOIP-2013-复赛-普及组-试题.pdf
	renamed:    NOIP2013/NOIP2013juniorSolution.pdf -> NOIP2013/NOIP-2013-复赛-普及组-题解.pdf
	renamed:    NOIP2013/NOIP2013Suggestion.doc -> NOIP2013/NOIP-2013-复赛-说明.doc
	renamed:    NOIP2014/NOIP2014-day1Senior.pdf -> NOIP2014/NOIP-2014-复赛-提高组-Day1-试题.pdf
	renamed:    NOIP2014/NOIP2014SeniorDay2.docx -> NOIP2014/NOIP-2014-复赛-提高组-Day2-试题.docx
	renamed:    NOIP2014/data-senior.zip -> NOIP2014/NOIP-2014-复赛-提高组-测试数据.zip
	renamed:    NOIP2014/noip2014fs2.pdf -> NOIP2014/NOIP-2014-复赛-提高组-试题.pdf
	renamed:    NOIP2014/data-junior.zip -> NOIP2014/NOIP-2014-复赛-普及组-测试数据.zip
	renamed:    NOIP2014/noip2014fj.pdf -> NOIP2014/NOIP-2014-复赛-普及组-试题.pdf
	renamed:    NOIP2015/noip2015fs1_data.zip -> NOIP2015/NOIP-2015-复赛-提高组-Day1-测试数据.zip
	renamed:    NOIP2015/noip2015fs1.pdf -> NOIP2015/NOIP-2015-复赛-提高组-Day1-试题.pdf
	renamed:    NOIP2015/noip2015fs2_data.zip -> NOIP2015/NOIP-2015-复赛-提高组-Day2-测试数据.zip
	renamed:    NOIP2015/noip2015fs2.pdf -> NOIP2015/NOIP-2015-复赛-提高组-Day2-试题.pdf
	renamed:    NOIP2015/NOIP2015FinalSeniorData2015-11-16-09_40_23.rar -> NOIP2015/NOIP-2015-复赛-提高组-测试数据.rar
	renamed:    NOIP2015/NOIP2015FinalJuniorData2015-11-16-09_42_12.rar -> NOIP2015/NOIP-2015-复赛-普及组-测试数据.rar
	renamed:    NOIP2015/noip2015fj_data.zip -> NOIP2015/NOIP-2015-复赛-普及组-测试数据.zip
	renamed:    NOIP2015/noip2015fj.pdf -> NOIP2015/NOIP-2015-复赛-普及组-试题.pdf
	renamed:    NOIP2015/sum2015-11-23-11_03_03.zip -> NOIP2015/NOIP-2015-复赛-测试数据.zip
	renamed:    NOIP2016/noip2016fs1.pdf -> NOIP2016/NOIP-2016-复赛-提高组-Day1-试题.pdf
	renamed:    NOIP2016/noip2016fs2.pdf -> NOIP2016/NOIP-2016-复赛-提高组-Day2-试题.pdf
	renamed:    NOIP2016/noip2016fj.pdf -> NOIP2016/NOIP-2016-复赛-普及组-试题.pdf
	renamed:    NOIP2016/NOIP2016FinalData2016-11-29-09_20_03.zip -> NOIP2016/NOIP-2016-复赛-测试数据.zip
	renamed:    NOIP2017/noip2017fs1.pdf -> NOIP2017/NOIP-2017-复赛-提高组-Day1-试题.pdf
	renamed:    NOIP2017/noip2017fs2.pdf -> NOIP2017/NOIP-2017-复赛-提高组-Day2-试题.pdf
	renamed:    NOIP2017/noip2017fj.pdf -> NOIP2017/NOIP-2017-复赛-普及组-试题.pdf
	renamed:    NOIP2018/NOIP2018FinalSeniorDay1TestPaper.pdf -> NOIP2018/NOIP-2018-复赛-提高组-Day1-试题.pdf
	renamed:    NOIP2018/NOIP2018FinalSeniorDay2TestPaper.pdf -> NOIP2018/NOIP-2018-复赛-提高组-Day2-试题.pdf
	renamed:    NOIP2018/NOIP2018FinalJuniorTestPaper.pdf -> NOIP2018/NOIP-2018-复赛-普及组-试题.pdf
	renamed:    NOIP2018/NOIP2018FinalData.rar -> NOIP2018/NOIP-2018-复赛-测试数据.rar
	renamed:    NOIP2020/NOIP2020_Data.zip -> NOIP2020/NOIP-2020-复赛-测试数据.zip
	renamed:    NOIP2020/noip2020.pdf -> NOIP2020/NOIP-2020-复赛-试题.pdf
	renamed:    NOIP2021/NOIP-2021-eval-data.zip -> NOIP2021/NOIP-2021-复赛-测试数据.zip
	renamed:    NOIP2021/noip2021.pdf -> NOIP2021/NOIP-2021-复赛-试题.pdf
	renamed:    NOIP2022/NOIP_2022_evaldata.zip -> NOIP2022/NOIP-2022-复赛-测试数据.zip
	renamed:    NOIP2022/2022 CCF NOIP 正式赛试题.pdf -> NOIP2022/NOIP-2022-复赛-试题.pdf
	renamed:    NOIP2022/01.png -> NOIP2022/NOIP-2022-复赛-试题扫描-01.png
	renamed:    NOIP2022/02.png -> NOIP2022/NOIP-2022-复赛-试题扫描-02.png
	renamed:    NOIP2022/03.png -> NOIP2022/NOIP-2022-复赛-试题扫描-03.png
	renamed:    NOIP2022/04.png -> NOIP2022/NOIP-2022-复赛-试题扫描-04.png
	renamed:    NOIP2022/05.png -> NOIP2022/NOIP-2022-复赛-试题扫描-05.png
	renamed:    NOIP2022/06.png -> NOIP2022/NOIP-2022-复赛-试题扫描-06.png
	renamed:    NOIP2022/07.png -> NOIP2022/NOIP-2022-复赛-试题扫描-07.png
	renamed:    NOIP2022/08.png -> NOIP2022/NOIP-2022-复赛-试题扫描-08.png
	renamed:    NOIP2022/09.png -> NOIP2022/NOIP-2022-复赛-试题扫描-09.png
	renamed:    NOIP2022/10.png -> NOIP2022/NOIP-2022-复赛-试题扫描-10.png
	renamed:    NOIP2022/11.png -> NOIP2022/NOIP-2022-复赛-试题扫描-11.png
	renamed:    NOIP2022/12.png -> NOIP2022/NOIP-2022-复赛-试题扫描-12.png
	renamed:    NOIP2022/13.png -> NOIP2022/NOIP-2022-复赛-试题扫描-13.png
	renamed:    NOIP2023/NOIP2023.pdf -> NOIP2023/NOIP-2023-复赛-试题.pdf
	renamed:    NOIP2024/noip-2024.pdf -> NOIP2024/NOIP-2024-复赛-试题.pdf
	renamed:    NOIP2025/day1.pdf -> NOIP2025/NOIP-2025-复赛-Day1-试题.pdf
	renamed:    NOIP2025/query.zip -> NOIP2025/NOIP-2025-复赛-测试数据-2.zip
	renamed:    NOIP2025/sale.zip -> NOIP2025/NOIP-2025-复赛-测试数据-3.zip
	renamed:    NOIP2025/tree.zip -> NOIP2025/NOIP-2025-复赛-测试数据-4.zip
	renamed:    NOIP2025/candy.zip -> NOIP2025/NOIP-2025-复赛-测试数据.zip

Untracked files:
  (use "git add <file>..." to include in what will be committed)
	rename.log

