On branch main
Your branch is ahead of 'origin/main' by 1 commit.
  (use "git push" to publish your local commits)

Changes to be committed:
  (use "git restore --staged <file>..." to unstage)
	renamed:    1991/noi91.doc -> 1991/NOI-1991-试题.doc
	renamed:    1992/noi92.doc -> 1992/NOI-1992-试题.doc
	renamed:    1993/noi93.doc -> 1993/NOI-1993-试题.doc
	renamed:    1994/noi94.txt -> 1994/NOI-1994-试题.txt
	renamed:    1995/NOI95.TXT -> 1995/NOI-1995-试题.txt
	renamed:    1996/NOI96.doc -> 1996/NOI-1996-试题.doc
	renamed:    1997/noi97-1.doc -> 1997/NOI-1997-试题-1.doc
	renamed:    1997/noi97-2.doc -> 1997/NOI-1997-试题-2.doc
	renamed:    1998/testdata.zip -> 1998/NOI-1998-测试数据.zip
	renamed:    1998/noi98-1.doc -> 1998/NOI-1998-试题-1.doc
	renamed:    1998/noi98-2.doc -> 1998/NOI-1998-试题-2.doc
	renamed:    1999/TestData.zip -> 1999/NOI-1999-测试数据.zip
	renamed:    1999/noi99-1.doc -> 1999/NOI-1999-试题-1.doc
	renamed:    1999/noi99-2.doc -> 1999/NOI-1999-试题-2.doc
	renamed:    2000/day1.doc -> 2000/NOI-2000-Day1-试题.doc
	renamed:    2000/day2.doc -> 2000/NOI-2000-Day2-试题.doc
	renamed:    2000/testdata.zip -> 2000/NOI-2000-测试数据.zip
	renamed:    2001/day1/Test.zip -> 2001/day1/NOI-2001-Day1-测试数据.zip
	renamed:    2001/day1/Problem/arctan.doc -> 2001/day1/Problem/NOI-2001-Day1-arctan-试题.doc
	renamed:    2001/day1/Problem/clever.doc -> 2001/day1/Problem/NOI-2001-Day1-clever-试题.doc
	renamed:    2001/day1/Problem/eat.doc -> 2001/day1/Problem/NOI-2001-Day1-eat-试题.doc
	renamed:    2001/day1/Problem/day1-overview.doc -> 2001/day1/Problem/NOI-2001-Day1-说明.doc
	renamed:    2001/day2/Test.zip -> 2001/day2/NOI-2001-Day2-测试数据.zip
	renamed:    2001/day2/Problem/cannon.doc -> 2001/day2/Problem/NOI-2001-Day2-cannon-试题.doc
	renamed:    2001/day2/Problem/equation.doc -> 2001/day2/Problem/NOI-2001-Day2-equation-试题.doc
	renamed:    2001/day2/Problem/secret.doc -> 2001/day2/Problem/NOI-2001-Day2-secret-试题.doc
	renamed:    2001/day2/Problem/day2-overview.doc -> 2001/day2/Problem/NOI-2001-Day2-说明.doc
	renamed:    2002/day1data.zip -> 2002/NOI-2002-Day1-测试数据.zip
	renamed:    2002/day2data.zip -> 2002/NOI-2002-Day2-测试数据.zip
	renamed:    2002/choices.doc -> 2002/NOI-2002-笔试.doc
	renamed:    2002/day0/comp.doc -> 2002/day0/NOI-2002-Day0-comp-试题.doc
	renamed:    2002/day0/nose.doc -> 2002/day0/NOI-2002-Day0-nose-试题.doc
	renamed:    2002/day0/triple.doc -> 2002/day0/NOI-2002-Day0-triple-试题.doc
	renamed:    2002/day0/Day0-Overview.doc -> 2002/day0/NOI-2002-Day0-说明.doc
	renamed:    2002/day1/child.doc -> 2002/day1/NOI-2002-Day1-child-试题.doc
	renamed:    2002/day1/dragon.doc -> 2002/day1/NOI-2002-Day1-dragon-试题.doc
	renamed:    2002/day1/galaxy.doc -> 2002/day1/NOI-2002-Day1-galaxy-试题.doc
	renamed:    2002/day1/Day1-Overview.doc -> 2002/day1/NOI-2002-Day1-说明.doc
	renamed:    2002/day2/robot.doc -> 2002/day2/NOI-2002-Day2-robot-试题.doc
	renamed:    2002/day2/savage.doc -> 2002/day2/NOI-2002-Day2-savage-试题.doc
	renamed:    2002/day2/tetris.doc -> 2002/day2/NOI-2002-Day2-tetris-试题.doc
	renamed:    2002/day2/Day2-Overview.doc -> 2002/day2/NOI-2002-Day2-说明.doc
	renamed:    2003/day1.doc -> 2003/NOI-2003-Day1-试题.doc
	renamed:    2003/day2.doc -> 2003/NOI-2003-Day2-试题.doc
	renamed:    2003/day0/chingwei.doc -> 2003/day0/NOI-2003-Day0-chingwei-试题.doc
	renamed:    2003/day0/jerry.doc -> 2003/day0/NOI-2003-Day0-jerry-试题.doc
	renamed:    2003/day1/detect.doc -> 2003/day1/NOI-2003-Day1-detect-试题.doc
	renamed:    2003/day1/detect.pdf -> 2003/day1/NOI-2003-Day1-detect-试题.pdf
	renamed:    2003/day1/editor.doc -> 2003/day1/NOI-2003-Day1-editor-试题.doc
	renamed:    2003/day1/editor.pdf -> 2003/day1/NOI-2003-Day1-editor-试题.pdf
	renamed:    2003/day1/game.doc -> 2003/day1/NOI-2003-Day1-game-试题.doc
	renamed:    2003/day1/game.pdf -> 2003/day1/NOI-2003-Day1-game-试题.pdf
	renamed:    2003/day1/day1.zip -> 2003/day1/NOI-2003-Day1-测试数据.zip
	renamed:    2003/day2/Hookey.doc -> 2003/day2/NOI-2003-Day2-Hookey-试题.doc
	renamed:    2003/day2/Hookey.pdf -> 2003/day2/NOI-2003-Day2-Hookey-试题.pdf
	renamed:    2003/day2/berry.doc -> 2003/day2/NOI-2003-Day2-berry-试题.doc
	renamed:    2003/day2/berry.pdf -> 2003/day2/NOI-2003-Day2-berry-试题.pdf
	renamed:    2003/day2/zplhz.doc -> 2003/day2/NOI-2003-Day2-zplhz-试题.doc
	renamed:    2003/day2/zplhz.pdf -> 2003/day2/NOI-2003-Day2-zplhz-试题.pdf
	renamed:    2003/day2/day2.zip -> 2003/day2/NOI-2003-Day2-测试数据.zip
	renamed:    2004/day0/testsuites.zip -> 2004/day0/NOI-2004-Day0-测试数据.zip
	renamed:    2004/day0/task/Day0-huihui.doc -> 2004/day0/task/NOI-2004-Day0-huihui-试题.doc
	renamed:    2004/day0/task/Day0-huihui.pdf -> 2004/day0/task/NOI-2004-Day0-huihui-试题.pdf
	renamed:    2004/day0/task/Day0-jiajia.doc -> 2004/day0/task/NOI-2004-Day0-jiajia-试题.doc
	renamed:    2004/day0/task/Day0-jiajia.pdf -> 2004/day0/task/NOI-2004-Day0-jiajia-试题.pdf
	renamed:    2004/day0/task/Day0-shanshan.doc -> 2004/day0/task/NOI-2004-Day0-shanshan-试题.doc
	renamed:    2004/day0/task/Day0-shanshan.pdf -> 2004/day0/task/NOI-2004-Day0-shanshan-试题.pdf
	renamed:    2004/day0/task/Day0-Overview.doc -> 2004/day0/task/NOI-2004-Day0-说明.doc
	renamed:    2004/day0/task/Day0-Overview.pdf -> 2004/day0/task/NOI-2004-Day0-说明.pdf
	renamed:    2004/day1/testsuite.zip -> 2004/day1/NOI-2004-Day1-测试数据.zip
	renamed:    2004/day1/task/cashier.doc -> 2004/day1/task/NOI-2004-Day1-cashier-试题.doc
	renamed:    2004/day1/task/dune.doc -> 2004/day1/task/NOI-2004-Day1-dune-试题.doc
	renamed:    2004/day1/task/manhattan.doc -> 2004/day1/task/NOI-2004-Day1-manhattan-试题.doc
	renamed:    2004/day1/task/overview.doc -> 2004/day1/task/NOI-2004-Day1-说明.doc
	renamed:    2004/day2/testsuite.zip -> 2004/day2/NOI-2004-Day2-测试数据.zip
	renamed:    2004/day2/task/graduate.doc -> 2004/day2/task/NOI-2004-Day2-graduate-试题.doc
	renamed:    2004/day2/task/hut.doc -> 2004/day2/task/NOI-2004-Day2-hut-试题.doc
	renamed:    2004/day2/task/rainfall.doc -> 2004/day2/task/NOI-2004-Day2-rainfall-试题.doc
	renamed:    2004/day2/task/overview.doc -> 2004/day2/task/NOI-2004-Day2-说明.doc
	renamed:    2004/paper/NOI2004(ans).doc -> 2004/paper/NOI-2004-答案.doc
	renamed:    2004/paper/NOI2004.doc -> 2004/paper/NOI-2004-试题.doc
	renamed:    2004/solution/doc/cashier_solution.doc -> 2004/solution/doc/NOI-2004-题解-cashier.doc
	renamed:    2004/solution/doc/graduate_solution.doc -> 2004/solution/doc/NOI-2004-题解-graduate.doc
	renamed:    2004/solution/doc/hut_solution.doc -> 2004/solution/doc/NOI-2004-题解-hut.doc
	renamed:    2004/solution/doc/manhattan_solution.doc -> 2004/solution/doc/NOI-2004-题解-manhattan.doc
	renamed:    2004/solution/doc/rainfall_solution.doc -> 2004/solution/doc/NOI-2004-题解-rainfall.doc
	renamed:    2005/noi2005A.pdf -> 2005/NOI-2005-Day1-试题.pdf
	renamed:    2005/noi2005B.pdf -> 2005/NOI-2005-Day2-试题.pdf
	renamed:    2005/noi2005bishiti.pdf -> 2005/NOI-2005-笔试.pdf
	renamed:    2006/noi2006A.pdf -> 2006/NOI-2006-Day1-试题.pdf
	renamed:    2006/noi2006B.pdf -> 2006/NOI-2006-Day2-试题.pdf
	renamed:    2007/NOI2007_Data_Day1.7z -> 2007/NOI-2007-Day1-测试数据.7z
	renamed:    2007/noi2007A.pdf -> 2007/NOI-2007-Day1-试题.pdf
	renamed:    2007/NOI2007_Data_Day2.7z -> 2007/NOI-2007-Day2-测试数据.7z
	renamed:    2007/noi2007B.pdf -> 2007/NOI-2007-Day2-试题.pdf
	renamed:    2008/noi2008A.pdf -> 2008/NOI-2008-Day1-试题.pdf
	renamed:    2008/noi2008B.pdf -> 2008/NOI-2008-Day2-试题.pdf
	renamed:    2008/Data.zip -> 2008/NOI-2008-测试数据.zip
	renamed:    2009/noi2009A.doc -> 2009/NOI-2009-Day1-试题.doc
	renamed:    2009/noi2009B.doc -> 2009/NOI-2009-Day2-试题.doc
	renamed:    2009/Data.zip -> 2009/NOI-2009-测试数据.zip
	renamed:    2024/day1.pdf -> 2024/NOI-2024-Day1-试题.pdf
	renamed:    2024/day2.pdf -> 2024/NOI-2024-Day2-试题.pdf
	renamed:    2024/fraction.zip -> 2024/NOI-2024-测试数据-fraction.zip
	renamed:    2024/graphee.zip -> 2024/NOI-2024-测试数据-graphee.zip
	renamed:    2024/mountain.zip -> 2024/NOI-2024-测试数据-mountain.zip
	renamed:    2024/richest.zip -> 2024/NOI-2024-测试数据-richest.zip
	renamed:    2024/set.zip -> 2024/NOI-2024-测试数据-set.zip
	renamed:    2024/tree.zip -> 2024/NOI-2024-测试数据-tree.zip
	renamed:    2025/day1.pdf -> 2025/NOI-2025-Day1-试题.pdf
	renamed:    2025/day2.pdf -> 2025/NOI-2025-Day2-试题.pdf
	renamed:    2025/defense.zip -> 2025/NOI-2025-测试数据-defense.zip
	renamed:    2025/robot.zip -> 2025/NOI-2025-测试数据-robot.zip
	renamed:    2025/sequence.zip -> 2025/NOI-2025-测试数据-sequence.zip
	renamed:    2025/set.zip -> 2025/NOI-2025-测试数据-set.zip
	renamed:    2025/teranry.zip -> 2025/NOI-2025-测试数据-teranry.zip
	renamed:    2025/tree.zip -> 2025/NOI-2025-测试数据-tree.zip

Untracked files:
  (use "git add <file>..." to include in what will be committed)
	rename.log

