--09-8-w-er-7h-08w-e7-hcQQQQQQQQPPPPPPPPOOOOOOOONNNNNNNNMMMMMMMMLLLLLLLLKKKKKKKKJJJJJJJJIIIIIIIIHHHHHHHHGGGGGGGGFFFFFFFFEEEEEEEEDDDDDDDDr890-q7w-ehQQQQQQQQPPPPPPPPOOOOOOOONNNNNNNNMMMMMMMMLLLLLLLLKKKKKKKKJJJJJJJJIIIIIIIIrc98-07-q8-ewr-8h-c-8-2945-dsf--k-h-23333333348-3k-hRRRRRRRRQQQQQQQQPPPPPPPPOOOOOOOONNNNNNNNMMMMMMMMLLLLLLLLKKKKKKKKJJJJJJJJIIIIIIIIsdEEEEEEEEfq-a-
